> ssh aws-us-east-1

       __|  __|_  )
       _|  (     /   Amazon Linux 2 AMI
      ___|\___|___|

https://aws.amazon.com/amazon-linux-2/
[ec2-user@ip-10-2-10-78 ~]$ sudo yum update -y
Loaded plugins: extras_suggestions, langpacks, priorities, update-motd
No packages marked for update
[ec2-user@ip-10-2-10-78 ~]$ sudo yum install mysql
Loaded plugins: extras_suggestions, langpacks, priorities, update-motd
Resolving Dependencies
--> Running transaction check
---> Package mariadb.x86_64 1:5.5.68-1.amzn2 will be installed
--> Finished Dependency Resolution

Dependencies Resolved

==============================================================================================================================================================================
 Package                                Arch                                  Version                                         Repository                                 Size
==============================================================================================================================================================================
Installing:
 mariadb                                x86_64                                1:5.5.68-1.amzn2                                amzn2-core                                8.8 M

Transaction Summary
==============================================================================================================================================================================
Install  1 Package

Total download size: 8.8 M
Installed size: 49 M
Is this ok [y/d/N]: y
Downloading packages:
mariadb-5.5.68-1.amzn2.x86_64.rpm                                                                                                                      | 8.8 MB  00:00:00
Running transaction check
Running transaction test
Transaction test succeeded
Running transaction
  Installing : 1:mariadb-5.5.68-1.amzn2.x86_64                                                                                                                            1/1
  Verifying  : 1:mariadb-5.5.68-1.amzn2.x86_64                                                                                                                            1/1

Installed:
  mariadb.x86_64 1:5.5.68-1.amzn2

Complete!
[ec2-user@ip-10-2-10-78 ~]$ mysql -p -h read-replica.cxrnemjziglz.us-east-1.rds.amazonaws.com
Enter password:
ERROR 1045 (28000): Access denied for user 'ec2-user'@'10.2.10.78' (using password: YES)
[ec2-user@ip-10-2-10-78 ~]$ mysql -p -h read-replica.cxrnemjziglz.us-east-1.rds.amazonaws.com -u admin
Enter password:
ERROR 1045 (28000): Access denied for user 'admin'@'10.2.10.78' (using password: YES)
[ec2-user@ip-10-2-10-78 ~]$
[ec2-user@ip-10-2-10-78 ~]$ mysql -p -h read-replica.cxrnemjziglz.us-east-1.rds.amazonaws.com -u admin
Enter password:
ERROR 1045 (28000): Access denied for user 'admin'@'10.2.10.78' (using password: YES)
[ec2-user@ip-10-2-10-78 ~]$ mysql -p -h read-replica.cxrnemjziglz.us-east-1.rds.amazonaws.com -u admin
Enter password:
ERROR 1045 (28000): Access denied for user 'admin'@'10.2.10.78' (using password: YES)
[ec2-user@ip-10-2-10-78 ~]$ mysql -p -h read-replica.cxrnemjziglz.us-east-1.rds.amazonaws.com -u admin
Enter password:
ERROR 1045 (28000): Access denied for user 'admin'@'10.2.10.78' (using password: YES)
[ec2-user@ip-10-2-10-78 ~]$ mysql -p -h read-replica.cxrnemjziglz.us-east-1.rds.amazonaws.com -u admin
Enter password:
ERROR 1045 (28000): Access denied for user 'admin'@'10.2.10.78' (using password: YES)
[ec2-user@ip-10-2-10-78 ~]$ mysql -p -h read-replica.cxrnemjziglz.us-east-1.rds.amazonaws.com -u admin -P 3306
Enter password:
Welcome to the MariaDB monitor.  Commands end with ; or \g.
Your MySQL connection id is 32
Server version: 8.0.21 Source distribution

Copyright (c) 2000, 2018, Oracle, MariaDB Corporation Ab and others.

Type 'help;' or '\h' for help. Type '\c' to clear the current input statement.

MySQL [(none)]> use udacity
Reading table information for completion of table and column names
You can turn off this feature to get a quicker startup with -A

Database changed
MySQL [udacity]> insert into learning (2, "foo")
    -> ;
ERROR 1064 (42000): You have an error in your SQL syntax; check the manual that corresponds to your MySQL server version for the right syntax to use near '2, "foo")' at line 1
MySQL [udacity]> insert into learning values (2, "foo");
ERROR 1290 (HY000): The MySQL server is running with the --read-only option so it cannot execute this statement
MySQL [udacity]> select * from learning
    -> ;
+----+------+
| id | name |
+----+------+
|  1 | hi   |
+----+------+
1 row in set (0.00 sec)

MySQL [udacity]>
